[23:53:22] [INIT] KubeJS 2101.7.2-build.348; MC 2101 NeoForge
[23:53:22] [INIT] Loaded plugins:
[23:53:22] [INIT] - dev.latvian.mods.kubejs.plugin.builtin.BuiltinKubeJSPlugin
[23:53:22] [INIT] - dev.latvian.mods.kubejs.plugin.builtin.BuiltinKubeJSClientPlugin
[23:53:22] [INIT] - dev.latvian.mods.kubejs.integration.architectury.ArchitecturyIntegration
[23:53:22] [INIT] - net.zhaiji.kubejscurios.kubejs.KubeJSCuriosPlugin
[23:53:22] [INIT] - com.jesz.createdieselgenerators.compat.kubejs.CDGKubeJSPlugin
[23:53:22] [INIT] - io.github.mortuusars.exposure.neoforge.integration.kubejs.ExposureKubeJSPlugin
[23:53:22] [INIT] - com.squoshi.irons_spells_js.IronsSpellsJSPlugin
[23:53:22] [INIT] - com.bobvarioa.kjsbotanypots.KJSBotanyPotsPlugin
[23:53:22] [INIT] - dev.uncandango.kubejstweaks.kubejs.kjs71.plugin.KJSTPlugin
[23:53:22] [INIT] - dev.uncandango.kubejstweaks.kubejs.kjs72.plugin.KJSTPlugin
[23:53:22] [INIT] - com.bobvarioa.kubejsarsnouveau.KubeJSArsNouveauPlugin
[23:53:22] [INIT] - com.tom.createores.kubejs.KubeJSExcavation
[23:53:22] [INIT] - dev.bluephs.dgjs.DGJSPlugin
[23:53:22] [INIT] - com.almostreliable.lootjs.kube.LootJSPlugin
[23:53:22] [INIT] - dev.ftb.mods.ftbxmodcompat.neoforge.ftbquests.kubejs.FTBQuestsKubeJSPlugin
[23:53:22] [INIT] - dev.ftb.mods.ftbxmodcompat.neoforge.ftbchunks.kubejs.FTBChunksKubeJSPlugin
[23:53:22] [INIT] - dev.ftb.mods.ftbxmodcompat.neoforge.ftbteams.kubejs.FTBTeamsKubeJSPlugin
[23:53:22] [INIT] - dev.ftb.mods.ftbxmodcompat.neoforge.ftbfiltersystem.kubejs.FFSKubeJSPlugin
[23:53:22] [INIT] - com.klikli_dev.occultism_kubejs.KubeJSOccultismPlugin
[23:53:22] [INIT] - fr.iglee42.createcasing.kubejs.EncasedKJSPlugin
[23:53:22] [INIT] - com.oierbravo.mechanicals.compat.kubejs.MechanicalsJsPlugin
[23:53:22] [INIT] - dev.latvian.mods.kubejs.mekanism.MekanismKubeJSPlugin
[23:53:22] [INIT] - qinomed.kubejsdelight.KubeJSDelightPlugin
[23:53:22] [INIT] - dev.latvian.mods.kubejs.create.KubeJSCreatePlugin
[23:53:22] [INIT] - com.oierbravo.create_mechanical_extruder.compat.kubejs.KubeJSCreateMechanicalExtruderPlugin
[23:53:22] [INFO] Loaded script client_scripts:arcadia_item_tooltips.js in 0.002 s
[23:53:22] [INFO] Loaded 1/1 KubeJS client scripts in 0.027 s with 0 errors and 0 warnings
[23:53:39] [INFO] Client resource reload complete!
