[11:01:21] [INIT] KubeJS 2101.7.2-build.348; MC 2101 NeoForge
[11:01:21] [INIT] Loaded plugins:
[11:01:21] [INIT] - dev.latvian.mods.kubejs.plugin.builtin.BuiltinKubeJSPlugin
[11:01:21] [INIT] - dev.latvian.mods.kubejs.plugin.builtin.BuiltinKubeJSClientPlugin
[11:01:21] [INIT] - dev.latvian.mods.kubejs.integration.architectury.ArchitecturyIntegration
[11:01:21] [INIT] - net.zhaiji.kubejscurios.kubejs.KubeJSCuriosPlugin
[11:01:21] [INIT] - com.jesz.createdieselgenerators.compat.kubejs.CDGKubeJSPlugin
[11:01:21] [INIT] - io.github.mortuusars.exposure.neoforge.integration.kubejs.ExposureKubeJSPlugin
[11:01:21] [INIT] - com.squoshi.irons_spells_js.IronsSpellsJSPlugin
[11:01:21] [INIT] - com.bobvarioa.kjsbotanypots.KJSBotanyPotsPlugin
[11:01:21] [INIT] - dev.uncandango.kubejstweaks.kubejs.kjs71.plugin.KJSTPlugin
[11:01:21] [INIT] - dev.uncandango.kubejstweaks.kubejs.kjs72.plugin.KJSTPlugin
[11:01:21] [INIT] - com.bobvarioa.kubejsarsnouveau.KubeJSArsNouveauPlugin
[11:01:21] [INIT] - com.tom.createores.kubejs.KubeJSExcavation
[11:01:21] [INIT] - dev.bluephs.dgjs.DGJSPlugin
[11:01:21] [INIT] - com.almostreliable.lootjs.kube.LootJSPlugin
[11:01:21] [INIT] - dev.ftb.mods.ftbxmodcompat.neoforge.ftbquests.kubejs.FTBQuestsKubeJSPlugin
[11:01:21] [INIT] - dev.ftb.mods.ftbxmodcompat.neoforge.ftbchunks.kubejs.FTBChunksKubeJSPlugin
[11:01:21] [INIT] - dev.ftb.mods.ftbxmodcompat.neoforge.ftbteams.kubejs.FTBTeamsKubeJSPlugin
[11:01:21] [INIT] - dev.ftb.mods.ftbxmodcompat.neoforge.ftbfiltersystem.kubejs.FFSKubeJSPlugin
[11:01:21] [INIT] - com.klikli_dev.occultism_kubejs.KubeJSOccultismPlugin
[11:01:21] [INIT] - fr.iglee42.createcasing.kubejs.EncasedKJSPlugin
[11:01:21] [INIT] - com.oierbravo.mechanicals.compat.kubejs.MechanicalsJsPlugin
[11:01:21] [INIT] - dev.latvian.mods.kubejs.mekanism.MekanismKubeJSPlugin
[11:01:21] [INIT] - qinomed.kubejsdelight.KubeJSDelightPlugin
[11:01:21] [INIT] - dev.latvian.mods.kubejs.create.KubeJSCreatePlugin
[11:01:21] [INIT] - com.oierbravo.create_mechanical_extruder.compat.kubejs.KubeJSCreateMechanicalExtruderPlugin
[11:01:23] [INFO] Loaded script startup_scripts:creative_tab.js in 0.115 s
[11:01:23] [INFO] Loaded script startup_scripts:custom_blocks.js in 0.0 s
[11:01:23] [INFO] Loaded script startup_scripts:custom_items.js in 0.004 s
[11:01:23] [INFO] Loaded script startup_scripts:custom_sounds.js in 0.0 s
[11:01:23] [INFO] Loaded script startup_scripts:remove_from_creative.js in 0.007 s
[11:01:23] [INFO] startup_scripts:welcome_message.js#7: =====================================================
[11:01:23] [INFO] startup_scripts:welcome_message.js#8:      Arcadia: Echoes of Power V2
[11:01:23] [INFO] startup_scripts:welcome_message.js#9:      Website: https://www.arcadia-echoes-of-power.fr/
[11:01:23] [INFO] startup_scripts:welcome_message.js#10: =====================================================
[11:01:23] [INFO] startup_scripts:welcome_message.js#11:      Arcadia: Echoes of Power V2
[11:01:23] [INFO] startup_scripts:welcome_message.js#12:      Website: https://www.arcadia-echoes-of-power.fr/
[11:01:23] [INFO] startup_scripts:welcome_message.js#13: =====================================================
[11:01:23] [INFO] startup_scripts:welcome_message.js#14:      Arcadia: Echoes of Power V2
[11:01:23] [INFO] startup_scripts:welcome_message.js#15:      Website: https://www.arcadia-echoes-of-power.fr/
[11:01:23] [INFO] startup_scripts:welcome_message.js#16: =====================================================
[11:01:23] [INFO] startup_scripts:welcome_message.js#17:      Arcadia: Echoes of Power V2
[11:01:23] [INFO] startup_scripts:welcome_message.js#18:      Website: https://www.arcadia-echoes-of-power.fr/
[11:01:23] [INFO] startup_scripts:welcome_message.js#19: =====================================================
[11:01:23] [INFO] startup_scripts:welcome_message.js#20:      Arcadia: Echoes of Power V2
[11:01:23] [INFO] startup_scripts:welcome_message.js#21:      Website: https://www.arcadia-echoes-of-power.fr/
[11:01:23] [INFO] startup_scripts:welcome_message.js#22: =====================================================
[11:01:23] [INFO] startup_scripts:welcome_message.js#23:      Arcadia: Echoes of Power V2
[11:01:23] [INFO] startup_scripts:welcome_message.js#24:      Website: https://www.arcadia-echoes-of-power.fr/
[11:01:23] [INFO] startup_scripts:welcome_message.js#25: =====================================================
[11:01:23] [INFO] startup_scripts:welcome_message.js#26:      Arcadia: Echoes of Power V2
[11:01:23] [INFO] startup_scripts:welcome_message.js#27:      Website: https://www.arcadia-echoes-of-power.fr/
[11:01:23] [INFO] startup_scripts:welcome_message.js#28: =====================================================
[11:01:23] [INFO] startup_scripts:welcome_message.js#29:      Arcadia: Echoes of Power V2
[11:01:23] [INFO] startup_scripts:welcome_message.js#30:      Website: https://www.arcadia-echoes-of-power.fr/
[11:01:23] [INFO] startup_scripts:welcome_message.js#31: =====================================================
[11:01:23] [INFO] startup_scripts:welcome_message.js#32:      Arcadia: Echoes of Power V2
[11:01:23] [INFO] startup_scripts:welcome_message.js#33:      Website: https://www.arcadia-echoes-of-power.fr/
[11:01:23] [INFO] startup_scripts:welcome_message.js#34: =====================================================
[11:01:23] [INFO] startup_scripts:welcome_message.js#35:      Arcadia: Echoes of Power V2
[11:01:23] [INFO] startup_scripts:welcome_message.js#36:      Website: https://www.arcadia-echoes-of-power.fr/
[11:01:23] [INFO] startup_scripts:welcome_message.js#37: =====================================================
[11:01:23] [INFO] Loaded script startup_scripts:welcome_message.js in 0.006 s
[11:01:23] [INFO] Loaded script startup_scripts:item_modifications.js in 0.0 s
[11:01:23] [INFO] Loaded 7/7 KubeJS startup scripts in 2.047 s with 0 errors and 0 warnings
[11:01:24] [INFO] Validated 177 files in kubejs/assets/ in 259ms
[11:01:24] [INFO] Validated 19 files in kubejs/data/ in 11ms
